Fri Nov  8 15:54:04 2024:["s:on_text_document_did_change()",2]
Fri Nov  8 15:54:04 2024:["s:send_didchange_queue() will be triggered"]
Fri Nov  8 15:54:05 2024:["s:on_text_document_did_change()",2]
Fri Nov  8 15:54:05 2024:["s:send_didchange_queue() will be triggered"]
Fri Nov  8 15:54:07 2024:["s:on_text_document_did_change()",2]
Fri Nov  8 15:54:07 2024:["s:send_didchange_queue() will be triggered"]
Fri Nov  8 15:54:08 2024:["s:on_text_document_did_change()",2]
Fri Nov  8 15:54:08 2024:["s:send_didchange_queue() will be triggered"]
Fri Nov  8 15:54:09 2024:["s:on_text_document_did_open()",42,"ruby","/Users/yasuhiroki/src/github.com/yasuhiroki/enjoy-rails","file:///Users/yasuhiroki/src/github.com/yasuhiroki/enjoy-rails/app/controllers/users_controller.rb"]
Fri Nov  8 15:54:09 2024:[{"response":{"data":{"__data__":"vim-lsp","server_name":"rubocop"},"message":"server already started"}}]
Fri Nov  8 15:54:09 2024:[{"response":{"data":{"__data__":"vim-lsp","init_result":{"id":1,"result":{"capabilities":{"documentFormattingProvider":true,"textDocumentSync":{"change":1,"openClose":true}}},"jsonrpc":"2.0"},"server_name":"rubocop"},"message":"lsp server already initialized"}}]
Fri Nov  8 15:54:09 2024:[{"response":{"data":{"__data__":"vim-lsp","server_name":"rubocop"},"message":"configuration sent"}}]
Fri Nov  8 15:54:09 2024:["s:update_file_content()",42]
Fri Nov  8 15:54:09 2024:["--->",1,"rubocop",{"method":"textDocument/didOpen","params":{"textDocument":{"uri":"file:///Users/yasuhiroki/src/github.com/yasuhiroki/enjoy-rails/app/controllers/users_controller.rb","version":1,"languageId":"ruby","text":"class UsersController < ApplicationController\n  before_action :authenticate_user!\n\n  @@i=0\n\n  def index\n    @@i += 1\n#    sleep 6 if @@i % 3 == 0\n    @users = User.all\n  end\nend\n"}}}]
Fri Nov  8 15:54:09 2024:[{"response":{"data":{"path":"file:///Users/yasuhiroki/src/github.com/yasuhiroki/enjoy-rails/app/controllers/users_controller.rb","__data__":"vim-lsp","filetype":"ruby","server_name":"rubocop"},"message":"textDocument/open sent"}}]
Fri Nov  8 15:54:09 2024:[{"response":{"data":{"path":"file:///Users/yasuhiroki/src/github.com/yasuhiroki/enjoy-rails/app/controllers/users_controller.rb","__data__":"vim-lsp","server_name":"rubocop"},"message":"not dirty"}}]
Fri Nov  8 15:54:09 2024:["Starting server","solargraph",["/Users/yasuhiroki/.local/share/vim-lsp-settings/servers/solargraph/solargraph","stdio"]]
Fri Nov  8 15:54:09 2024:[{"response":{"data":{"__data__":"vim-lsp","lsp_id":14,"server_name":"solargraph"},"message":"started lsp server successfully"}}]
Fri Nov  8 15:54:09 2024:[{"response":{"data":{"__data__":"vim-lsp","server_name":"solargraph"},"message":"waiting for lsp server to initialize"}}]
Fri Nov  8 15:54:09 2024:["s:on_text_document_did_open()",42,"ruby","/Users/yasuhiroki/src/github.com/yasuhiroki/enjoy-rails","file:///Users/yasuhiroki/src/github.com/yasuhiroki/enjoy-rails/app/controllers/users_controller.rb"]
Fri Nov  8 15:54:09 2024:[{"response":{"data":{"__data__":"vim-lsp","server_name":"rubocop"},"message":"server already started"}}]
Fri Nov  8 15:54:09 2024:[{"response":{"data":{"__data__":"vim-lsp","init_result":{"id":1,"result":{"capabilities":{"documentFormattingProvider":true,"textDocumentSync":{"change":1,"openClose":true}}},"jsonrpc":"2.0"},"server_name":"rubocop"},"message":"lsp server already initialized"}}]
Fri Nov  8 15:54:09 2024:[{"response":{"data":{"__data__":"vim-lsp","server_name":"rubocop"},"message":"configuration sent"}}]
Fri Nov  8 15:54:09 2024:[{"response":{"data":{"path":"file:///Users/yasuhiroki/src/github.com/yasuhiroki/enjoy-rails/app/controllers/users_controller.rb","__data__":"vim-lsp","server_name":"rubocop"},"message":"already opened"}}]
Fri Nov  8 15:54:09 2024:[{"response":{"data":{"path":"file:///Users/yasuhiroki/src/github.com/yasuhiroki/enjoy-rails/app/controllers/users_controller.rb","__data__":"vim-lsp","server_name":"rubocop"},"message":"not dirty"}}]
Fri Nov  8 15:54:09 2024:[{"response":{"data":{"__data__":"vim-lsp","server_name":"solargraph"},"message":"server already started"}}]
Fri Nov  8 15:54:09 2024:[{"response":{"data":{"__data__":"vim-lsp","server_name":"solargraph"},"message":"waiting for lsp server to initialize"}}]
Fri Nov  8 15:54:09 2024:["<---",1,"rubocop",{"response":{"method":"textDocument/publishDiagnostics","jsonrpc":"2.0","params":{"uri":"file:///Users/yasuhiroki/src/github.com/yasuhiroki/enjoy-rails/app/controllers/users_controller.rb","diagnostics":[{"source":"rubocop","range":{"end":{"character":21,"line":0},"start":{"character":0,"line":0}},"code":"Style/Documentation","message":"Missing top-level documentation comment for `class UsersController`.","severity":3},{"source":"rubocop","range":{"end":{"character":1,"line":0},"start":{"character":0,"line":0}},"code":"Style/FrozenStringLiteralComment","message":"Missing frozen string literal comment.","severity":3},{"source":"rubocop","range":{"end":{"character":5,"line":3},"start":{"character":2,"line":3}},"code":"Style/ClassVars","message":"Replace class var @@i with a class instance var.","severity":3},{"source":"rubocop","range":{"end":{"character":6,"line":3},"start":{"character":5,"line":3}},"code":"Layout/SpaceAroundOperators","message":"Surrounding space missing for operator `=`.","severity":3},{"source":"rubocop","range":{"end":{"character":7,"line":6},"start":{"character":4,"line":6}},"code":"Style/ClassVars","message":"Replace class var @@i with a class instance var.","severity":3},{"source":"rubocop","range":{"end":{"character":28,"line":7},"start":{"character":0,"line":7}},"code":"Layout/CommentIndentation","message":"Incorrect indentation detected (column 0 instead of 4).","severity":3}]}}}]
Fri Nov  8 15:54:10 2024:["<---(stderr)",14,"solargraph","/Users/yasuhiroki/.asdf/installs/ruby/3.3.2/lib/ruby/3.3.0/bundler/definition.rb:596:in `materialize': Could not find backport-1.2.0, benchmark-0.2.0, diff-lcs-1.5.0, e2mmap-0.1.0, jaro_winkler-1.5.4, kramdown-2.3.1, kramdown-parser-gfm-1.1.0, parser-3.0.3.2, reverse_markdown-2.1.1, rubocop-1.24.0, thor-1.1.0, tilt-2.0.10, yard-0.9.27, rexml-3.2.5, ast-2.4.2, nokogiri-1.12.5, parallel-1.21.0, rainbow-3.0.0, regexp_parser-2.2.0, rubocop-ast-1.15.0, ruby-progressbar-1.11.0, unicode-display_width-2.1.0, webrick-1.7.0, mini_portile2-2.6.1, racc-1.6.0 in cached gems or installed locally (Bundler::GemNotFound)\n\tfrom /Users/yasuhiroki/.asdf/installs/ruby/3.3.2/lib/ruby/3.3.0/bundler/definition.rb:203:in `specs'\n\tfrom /Users/yasuhiroki/.asdf/installs/ruby/3.3.2/lib/ruby/3.3.0/bundler/definition.rb:270:in `specs_for'\n\tfrom /Users/yasuhiroki/.asdf/installs/ruby/3.3.2/lib/ruby/3.3.0/bundler/runtime.rb:18:in `setup'\n\tfrom /Users/yasuhiroki/.asdf/installs/ruby/3.3.2/lib/ruby/3.3.0/bundler.rb:162:in `setup'\n\tfrom /Users/yasuhiroki/.asdf/installs/ruby/3.3.2/lib/ruby/3.3.0/bundler/setup.rb:26:in `block in <top (required)>'\n\tfrom /Users/yasuhiroki/.asdf/installs/ruby/3.3.2/lib/ruby/3.3.0/bundler/ui/shell.rb:159:in `with_level'\n\tfrom /Users/yasuhiroki/.asdf/installs/ruby/3.3.2/lib/ruby/3.3.0/bundler/ui/shell.rb:111:in `silence'\n\tfrom /Users/yasuhiroki/.asdf/installs/ruby/3.3.2/lib/ruby/3.3.0/bundler/setup.rb:26:in `<top (required)>'\n\tfrom <internal:/Users/yasuhiroki/.asdf/installs/ruby/3.3.2/lib/ruby/3.3.0/rubygems/core_ext/kernel_require.rb>:136:in `require'\n\tfrom <internal:/Users/yasuhiroki/.asdf/installs/ruby/3.3.2/lib/ruby/3.3.0/rubygems/core_ext/kernel_require.rb>:136:in `require'\n\tfrom /Users/yasuhiroki/.asdf/installs/ruby/3.3.2/lib/ruby/3.3.0/rubygems.rb:1382:in `<top (required)>'\n\tfrom <internal:gem_prelude>:2:in `require'\n\tfrom <internal:gem_prelude>:2:in `<internal:gem_prelude>'\n"]
Fri Nov  8 15:54:10 2024:["s:on_exit",14,"solargraph","exited",1]
Fri Nov  8 15:54:12 2024:["s:send_event_queue()"]
Fri Nov  8 15:56:09 2024:["s:on_text_document_did_change()",42]
Fri Nov  8 15:56:09 2024:["s:send_didchange_queue() will be triggered"]
Fri Nov  8 15:56:10 2024:["s:on_text_document_did_change()",42]
Fri Nov  8 15:56:10 2024:["s:send_didchange_queue() will be triggered"]
Fri Nov  8 15:56:11 2024:["s:on_text_document_did_change()",42]
Fri Nov  8 15:56:11 2024:["s:send_didchange_queue() will be triggered"]
Fri Nov  8 15:56:15 2024:["s:send_event_queue()"]
Fri Nov  8 15:56:15 2024:[{"response":{"data":{"__data__":"vim-lsp","server_name":"rubocop"},"message":"server already started"}}]
Fri Nov  8 15:56:15 2024:[{"response":{"data":{"__data__":"vim-lsp","init_result":{"id":1,"result":{"capabilities":{"documentFormattingProvider":true,"textDocumentSync":{"change":1,"openClose":true}}},"jsonrpc":"2.0"},"server_name":"rubocop"},"message":"lsp server already initialized"}}]
Fri Nov  8 15:56:15 2024:[{"response":{"data":{"__data__":"vim-lsp","server_name":"rubocop"},"message":"configuration sent"}}]
Fri Nov  8 15:56:15 2024:[{"response":{"data":{"path":"file:///Users/yasuhiroki/src/github.com/yasuhiroki/enjoy-rails/app/controllers/users_controller.rb","__data__":"vim-lsp","server_name":"rubocop"},"message":"already opened"}}]
Fri Nov  8 15:56:15 2024:["s:update_file_content()",42]
Fri Nov  8 15:56:15 2024:["--->",1,"rubocop",{"method":"textDocument/didChange","params":{"contentChanges":[{"text":"class UsersController < ApplicationController\n  before_action :authenticate_user!\n\n  def index\n    Rails.log. current_user\n    @users = User.all\n  end\nend\n"}],"textDocument":{"uri":"file:///Users/yasuhiroki/src/github.com/yasuhiroki/enjoy-rails/app/controllers/users_controller.rb","version":2}}}]
Fri Nov  8 15:56:15 2024:[{"response":{"data":{"path":"file:///Users/yasuhiroki/src/github.com/yasuhiroki/enjoy-rails/app/controllers/users_controller.rb","__data__":"vim-lsp","server_name":"rubocop"},"message":"textDocument/didChange sent"}}]
Fri Nov  8 15:56:15 2024:["Starting server","solargraph",["/Users/yasuhiroki/.local/share/vim-lsp-settings/servers/solargraph/solargraph","stdio"]]
Fri Nov  8 15:56:15 2024:[{"response":{"data":{"__data__":"vim-lsp","lsp_id":15,"server_name":"solargraph"},"message":"started lsp server successfully"}}]
Fri Nov  8 15:56:15 2024:[{"response":{"data":{"__data__":"vim-lsp","server_name":"solargraph"},"message":"waiting for lsp server to initialize"}}]
Fri Nov  8 15:56:15 2024:["<---",1,"rubocop",{"response":{"method":"textDocument/publishDiagnostics","jsonrpc":"2.0","params":{"uri":"file:///Users/yasuhiroki/src/github.com/yasuhiroki/enjoy-rails/app/controllers/users_controller.rb","diagnostics":[{"source":"rubocop","range":{"end":{"character":21,"line":0},"start":{"character":0,"line":0}},"code":"Style/Documentation","message":"Missing top-level documentation comment for `class UsersController`.","severity":3},{"source":"rubocop","range":{"end":{"character":1,"line":0},"start":{"character":0,"line":0}},"code":"Style/FrozenStringLiteralComment","message":"Missing frozen string literal comment.","severity":3},{"source":"rubocop","range":{"end":{"character":15,"line":4},"start":{"character":14,"line":4}},"code":"Layout/SpaceAroundMethodCallOperator","message":"Avoid using spaces around a method call operator.","severity":3}]}}}]
Fri Nov  8 15:56:15 2024:["<---(stderr)",15,"solargraph","/Users/yasuhiroki/.asdf/installs/ruby/3.3.2/lib/ruby/3.3.0/bundler/definition.rb:596:in `materialize': Could not find backport-1.2.0, benchmark-0.2.0, diff-lcs-1.5.0, e2mmap-0.1.0, jaro_winkler-1.5.4, kramdown-2.3.1, kramdown-parser-gfm-1.1.0, parser-3.0.3.2, reverse_markdown-2.1.1, rubocop-1.24.0, thor-1.1.0, tilt-2.0.10, yard-0.9.27, rexml-3.2.5, ast-2.4.2, nokogiri-1.12.5, parallel-1.21.0, rainbow-3.0.0, regexp_parser-2.2.0, rubocop-ast-1.15.0, ruby-progressbar-1.11.0, unicode-display_width-2.1.0, webrick-1.7.0, mini_portile2-2.6.1, racc-1.6.0 in cached gems or installed locally (Bundler::GemNotFound)\n\tfrom /Users/yasuhiroki/.asdf/installs/ruby/3.3.2/lib/ruby/3.3.0/bundler/definition.rb:203:in `specs'\n\tfrom /Users/yasuhiroki/.asdf/installs/ruby/3.3.2/lib/ruby/3.3.0/bundler/definition.rb:270:in `specs_for'\n\tfrom /Users/yasuhiroki/.asdf/installs/ruby/3.3.2/lib/ruby/3.3.0/bundler/runtime.rb:18:in `setup'\n\tfrom /Users/yasuhiroki/.asdf/installs/ruby/3.3.2/lib/ruby/3.3.0/bundler.rb:162:in `setup'\n\tfrom /Users/yasuhiroki/.asdf/installs/ruby/3.3.2/lib/ruby/3.3.0/bundler/setup.rb:26:in `block in <top (required)>'\n\tfrom /Users/yasuhiroki/.asdf/installs/ruby/3.3.2/lib/ruby/3.3.0/bundler/ui/shell.rb:159:in `with_level'\n\tfrom /Users/yasuhiroki/.asdf/installs/ruby/3.3.2/lib/ruby/3.3.0/bundler/ui/shell.rb:111:in `silence'\n\tfrom /Users/yasuhiroki/.asdf/installs/ruby/3.3.2/lib/ruby/3.3.0/bundler/setup.rb:26:in `<top (required)>'\n\tfrom <internal:/Users/yasuhiroki/.asdf/installs/ruby/3.3.2/lib/ruby/3.3.0/rubygems/core_ext/kernel_require.rb>:136:in `require'\n\tfrom <internal:/Users/yasuhiroki/.asdf/installs/ruby/3.3.2/lib/ruby/3.3.0/rubygems/core_ext/kernel_require.rb>:136:in `require'\n\tfrom /Users/yasuhiroki/.asdf/installs/ruby/3.3.2/lib/ruby/3.3.0/rubygems.rb:1382:in `<top (required)>'\n\tfrom <internal:gem_prelude>:2:in `require'\n\tfrom <internal:gem_prelude>:2:in `<internal:gem_prelude>'\n"]
Fri Nov  8 15:56:15 2024:["s:on_exit",15,"solargraph","exited",1]
Fri Nov  8 15:56:17 2024:["s:on_text_document_did_save()",42]
Fri Nov  8 15:56:17 2024:[{"response":{"data":{"__data__":"vim-lsp","server_name":"rubocop"},"message":"server already started"}}]
Fri Nov  8 15:56:17 2024:[{"response":{"data":{"__data__":"vim-lsp","init_result":{"id":1,"result":{"capabilities":{"documentFormattingProvider":true,"textDocumentSync":{"change":1,"openClose":true}}},"jsonrpc":"2.0"},"server_name":"rubocop"},"message":"lsp server already initialized"}}]
Fri Nov  8 15:56:17 2024:[{"response":{"data":{"__data__":"vim-lsp","server_name":"rubocop"},"message":"configuration sent"}}]
Fri Nov  8 15:56:17 2024:[{"response":{"data":{"path":"file:///Users/yasuhiroki/src/github.com/yasuhiroki/enjoy-rails/app/controllers/users_controller.rb","__data__":"vim-lsp","server_name":"rubocop"},"message":"already opened"}}]
Fri Nov  8 15:56:17 2024:["s:update_file_content()",42]
Fri Nov  8 15:56:17 2024:["--->",1,"rubocop",{"method":"textDocument/didChange","params":{"contentChanges":[{"text":"class UsersController < ApplicationController\n  before_action :authenticate_user!\n\n  def index\n    Rails.log.debug current_user\n    @users = User.all\n  end\nend\n"}],"textDocument":{"uri":"file:///Users/yasuhiroki/src/github.com/yasuhiroki/enjoy-rails/app/controllers/users_controller.rb","version":3}}}]
Fri Nov  8 15:56:17 2024:[{"response":{"data":{"path":"file:///Users/yasuhiroki/src/github.com/yasuhiroki/enjoy-rails/app/controllers/users_controller.rb","__data__":"vim-lsp","server_name":"rubocop"},"message":"textDocument/didChange sent"}}]
Fri Nov  8 15:56:17 2024:[{"response":{"data":{"path":"file:///Users/yasuhiroki/src/github.com/yasuhiroki/enjoy-rails/app/controllers/users_controller.rb","__data__":"vim-lsp","server_name":"rubocop"},"message":"---> ignoring textDocument/didSave. not supported by server"}}]
Fri Nov  8 15:56:17 2024:["Starting server","solargraph",["/Users/yasuhiroki/.local/share/vim-lsp-settings/servers/solargraph/solargraph","stdio"]]
Fri Nov  8 15:56:17 2024:[{"response":{"data":{"__data__":"vim-lsp","lsp_id":16,"server_name":"solargraph"},"message":"started lsp server successfully"}}]
Fri Nov  8 15:56:17 2024:[{"response":{"data":{"__data__":"vim-lsp","server_name":"solargraph"},"message":"waiting for lsp server to initialize"}}]
Fri Nov  8 15:56:17 2024:["<---",1,"rubocop",{"response":{"method":"textDocument/publishDiagnostics","jsonrpc":"2.0","params":{"uri":"file:///Users/yasuhiroki/src/github.com/yasuhiroki/enjoy-rails/app/controllers/users_controller.rb","diagnostics":[{"source":"rubocop","range":{"end":{"character":21,"line":0},"start":{"character":0,"line":0}},"code":"Style/Documentation","message":"Missing top-level documentation comment for `class UsersController`.","severity":3},{"source":"rubocop","range":{"end":{"character":1,"line":0},"start":{"character":0,"line":0}},"code":"Style/FrozenStringLiteralComment","message":"Missing frozen string literal comment.","severity":3}]}}}]
Fri Nov  8 15:56:17 2024:["<---(stderr)",16,"solargraph","/Users/yasuhiroki/.asdf/installs/ruby/3.3.2/lib/ruby/3.3.0/bundler/definition.rb:596:in `materialize': Could not find backport-1.2.0, benchmark-0.2.0, diff-lcs-1.5.0, e2mmap-0.1.0, jaro_winkler-1.5.4, kramdown-2.3.1, kramdown-parser-gfm-1.1.0, parser-3.0.3.2, reverse_markdown-2.1.1, rubocop-1.24.0, thor-1.1.0, tilt-2.0.10, yard-0.9.27, rexml-3.2.5, ast-2.4.2, nokogiri-1.12.5, parallel-1.21.0, rainbow-3.0.0, regexp_parser-2.2.0, rubocop-ast-1.15.0, ruby-progressbar-1.11.0, unicode-display_width-2.1.0, webrick-1.7.0, mini_portile2-2.6.1, racc-1.6.0 in cached gems or installed locally (Bundler::GemNotFound)\n\tfrom /Users/yasuhiroki/.asdf/installs/ruby/3.3.2/lib/ruby/3.3.0/bundler/definition.rb:203:in `specs'\n\tfrom /Users/yasuhiroki/.asdf/installs/ruby/3.3.2/lib/ruby/3.3.0/bundler/definition.rb:270:in `specs_for'\n\tfrom /Users/yasuhiroki/.asdf/installs/ruby/3.3.2/lib/ruby/3.3.0/bundler/runtime.rb:18:in `setup'\n\tfrom /Users/yasuhiroki/.asdf/installs/ruby/3.3.2/lib/ruby/3.3.0/bundler.rb:162:in `setup'\n\tfrom /Users/yasuhiroki/.asdf/installs/ruby/3.3.2/lib/ruby/3.3.0/bundler/setup.rb:26:in `block in <top (required)>'\n\tfrom /Users/yasuhiroki/.asdf/installs/ruby/3.3.2/lib/ruby/3.3.0/bundler/ui/shell.rb:159:in `with_level'\n\tfrom /Users/yasuhiroki/.asdf/installs/ruby/3.3.2/lib/ruby/3.3.0/bundler/ui/shell.rb:111:in `silence'\n\tfrom /Users/yasuhiroki/.asdf/installs/ruby/3.3.2/lib/ruby/3.3.0/bundler/setup.rb:26:in `<top (required)>'\n\tfrom <internal:/Users/yasuhiroki/.asdf/installs/ruby/3.3.2/lib/ruby/3.3.0/rubygems/core_ext/kernel_require.rb>:136:in `require'\n\tfrom <internal:/Users/yasuhiroki/.asdf/installs/ruby/3.3.2/lib/ruby/3.3.0/rubygems/core_ext/kernel_require.rb>:136:in `require'\n\tfrom /Users/yasuhiroki/.asdf/installs/ruby/3.3.2/lib/ruby/3.3.0/rubygems.rb:1382:in `<top (required)>'\n\tfrom <internal:gem_prelude>:2:in `require'\n\tfrom <internal:gem_prelude>:2:in `<internal:gem_prelude>'\n"]
Fri Nov  8 15:56:17 2024:["s:on_exit",16,"solargraph","exited",1]
Fri Nov  8 15:56:50 2024:["s:on_text_document_did_save()",42]
Fri Nov  8 15:56:50 2024:[{"response":{"data":{"__data__":"vim-lsp","server_name":"rubocop"},"message":"server already started"}}]
Fri Nov  8 15:56:50 2024:[{"response":{"data":{"__data__":"vim-lsp","init_result":{"id":1,"result":{"capabilities":{"documentFormattingProvider":true,"textDocumentSync":{"change":1,"openClose":true}}},"jsonrpc":"2.0"},"server_name":"rubocop"},"message":"lsp server already initialized"}}]
Fri Nov  8 15:56:50 2024:[{"response":{"data":{"__data__":"vim-lsp","server_name":"rubocop"},"message":"configuration sent"}}]
Fri Nov  8 15:56:50 2024:[{"response":{"data":{"path":"file:///Users/yasuhiroki/src/github.com/yasuhiroki/enjoy-rails/app/controllers/users_controller.rb","__data__":"vim-lsp","server_name":"rubocop"},"message":"already opened"}}]
Fri Nov  8 15:56:50 2024:["s:update_file_content()",42]
Fri Nov  8 15:56:50 2024:["--->",1,"rubocop",{"method":"textDocument/didChange","params":{"contentChanges":[{"text":"class UsersController < ApplicationController\n  before_action :authenticate_user!\n\n  def index\n    Rails.logger.debug current_user\n    @users = User.all\n  end\nend\n"}],"textDocument":{"uri":"file:///Users/yasuhiroki/src/github.com/yasuhiroki/enjoy-rails/app/controllers/users_controller.rb","version":4}}}]
Fri Nov  8 15:56:50 2024:[{"response":{"data":{"path":"file:///Users/yasuhiroki/src/github.com/yasuhiroki/enjoy-rails/app/controllers/users_controller.rb","__data__":"vim-lsp","server_name":"rubocop"},"message":"textDocument/didChange sent"}}]
Fri Nov  8 15:56:50 2024:[{"response":{"data":{"path":"file:///Users/yasuhiroki/src/github.com/yasuhiroki/enjoy-rails/app/controllers/users_controller.rb","__data__":"vim-lsp","server_name":"rubocop"},"message":"---> ignoring textDocument/didSave. not supported by server"}}]
Fri Nov  8 15:56:50 2024:["Starting server","solargraph",["/Users/yasuhiroki/.local/share/vim-lsp-settings/servers/solargraph/solargraph","stdio"]]
Fri Nov  8 15:56:50 2024:[{"response":{"data":{"__data__":"vim-lsp","lsp_id":17,"server_name":"solargraph"},"message":"started lsp server successfully"}}]
Fri Nov  8 15:56:50 2024:[{"response":{"data":{"__data__":"vim-lsp","server_name":"solargraph"},"message":"waiting for lsp server to initialize"}}]
Fri Nov  8 15:56:50 2024:["<---",1,"rubocop",{"response":{"method":"textDocument/publishDiagnostics","jsonrpc":"2.0","params":{"uri":"file:///Users/yasuhiroki/src/github.com/yasuhiroki/enjoy-rails/app/controllers/users_controller.rb","diagnostics":[{"source":"rubocop","range":{"end":{"character":21,"line":0},"start":{"character":0,"line":0}},"code":"Style/Documentation","message":"Missing top-level documentation comment for `class UsersController`.","severity":3},{"source":"rubocop","range":{"end":{"character":1,"line":0},"start":{"character":0,"line":0}},"code":"Style/FrozenStringLiteralComment","message":"Missing frozen string literal comment.","severity":3}]}}}]
Fri Nov  8 15:56:51 2024:["<---(stderr)",17,"solargraph","/Users/yasuhiroki/.asdf/installs/ruby/3.3.2/lib/ruby/3.3.0/bundler/definition.rb:596:in `materialize': Could not find backport-1.2.0, benchmark-0.2.0, diff-lcs-1.5.0, e2mmap-0.1.0, jaro_winkler-1.5.4, kramdown-2.3.1, kramdown-parser-gfm-1.1.0, parser-3.0.3.2, reverse_markdown-2.1.1, rubocop-1.24.0, thor-1.1.0, tilt-2.0.10, yard-0.9.27, rexml-3.2.5, ast-2.4.2, nokogiri-1.12.5, parallel-1.21.0, rainbow-3.0.0, regexp_parser-2.2.0, rubocop-ast-1.15.0, ruby-progressbar-1.11.0, unicode-display_width-2.1.0, webrick-1.7.0, mini_portile2-2.6.1, racc-1.6.0 in cached gems or installed locally (Bundler::GemNotFound)\n\tfrom /Users/yasuhiroki/.asdf/installs/ruby/3.3.2/lib/ruby/3.3.0/bundler/definition.rb:203:in `specs'\n\tfrom /Users/yasuhiroki/.asdf/installs/ruby/3.3.2/lib/ruby/3.3.0/bundler/definition.rb:270:in `specs_for'\n\tfrom /Users/yasuhiroki/.asdf/installs/ruby/3.3.2/lib/ruby/3.3.0/bundler/runtime.rb:18:in `setup'\n\tfrom /Users/yasuhiroki/.asdf/installs/ruby/3.3.2/lib/ruby/3.3.0/bundler.rb:162:in `setup'\n\tfrom /Users/yasuhiroki/.asdf/installs/ruby/3.3.2/lib/ruby/3.3.0/bundler/setup.rb:26:in `block in <top (required)>'\n\tfrom /Users/yasuhiroki/.asdf/installs/ruby/3.3.2/lib/ruby/3.3.0/bundler/ui/shell.rb:159:in `with_level'\n\tfrom /Users/yasuhiroki/.asdf/installs/ruby/3.3.2/lib/ruby/3.3.0/bundler/ui/shell.rb:111:in `silence'\n\tfrom /Users/yasuhiroki/.asdf/installs/ruby/3.3.2/lib/ruby/3.3.0/bundler/setup.rb:26:in `<top (required)>'\n\tfrom <internal:/Users/yasuhiroki/.asdf/installs/ruby/3.3.2/lib/ruby/3.3.0/rubygems/core_ext/kernel_require.rb>:136:in `require'\n\tfrom <internal:/Users/yasuhiroki/.asdf/installs/ruby/3.3.2/lib/ruby/3.3.0/rubygems/core_ext/kernel_require.rb>:136:in `require'\n\tfrom /Users/yasuhiroki/.asdf/installs/ruby/3.3.2/lib/ruby/3.3.0/rubygems.rb:1382:in `<top (required)>'\n\tfrom <internal:gem_prelude>:2:in `require'\n\tfrom <internal:gem_prelude>:2:in `<internal:gem_prelude>'\n"]
Fri Nov  8 15:56:51 2024:["s:on_exit",17,"solargraph","exited",1]
Fri Nov  8 16:01:53 2024:["s:on_text_document_did_change()",38]
Fri Nov  8 16:01:53 2024:["s:send_didchange_queue() will be triggered"]
Fri Nov  8 16:01:54 2024:["s:send_event_queue()"]
Fri Nov  8 16:02:00 2024:["s:on_text_document_did_change()",39]
Fri Nov  8 16:02:00 2024:["s:send_didchange_queue() will be triggered"]
Fri Nov  8 16:02:00 2024:["s:on_text_document_did_change()",40]
Fri Nov  8 16:02:00 2024:["s:send_didchange_queue() will be triggered"]
Fri Nov  8 16:02:04 2024:["s:send_event_queue()"]
Tue Nov 12 16:32:17 2024:["s:on_text_document_did_close()",40]
Tue Nov 12 16:32:17 2024:["s:on_text_document_did_close()",40]
Tue Nov 12 16:32:17 2024:["s:on_text_document_did_close()",1]
Tue Nov 12 16:32:18 2024:["s:on_text_document_did_close()",3]
Tue Nov 12 16:32:19 2024:["s:on_text_document_did_open()",3,"gin","/Users/yasuhiroki/src/github.com/yasuhiroki/enjoy-rails","ginstatus:///Users/yasuhiroki/src/github.com/yasuhiroki/enjoy-rails;untracked-files=#[]$"]
Tue Nov 12 16:32:19 2024:["s:on_text_document_did_open()",3,"gin-status","/Users/yasuhiroki/src/github.com/yasuhiroki/enjoy-rails","ginstatus:///Users/yasuhiroki/src/github.com/yasuhiroki/enjoy-rails;untracked-files=#[]$"]
Wed Nov 13 14:49:21 2024:["s:on_text_document_did_close()",3]
Wed Nov 13 14:49:21 2024:["s:on_text_document_did_open()",43,"gin","/Users/yasuhiroki/src/github.com/yasuhiroki/enjoy-rails","gindiff:///Users/yasuhiroki/src/github.com/yasuhiroki/enjoy-rails;#[%22config/database.yml%22]"]
Wed Nov 13 14:49:21 2024:["s:on_text_document_did_open()",43,"gin-diff","/Users/yasuhiroki/src/github.com/yasuhiroki/enjoy-rails","gindiff:///Users/yasuhiroki/src/github.com/yasuhiroki/enjoy-rails;#[%22config/database.yml%22]"]
Wed Nov 13 14:49:22 2024:["s:on_text_document_did_close()",43]
Wed Nov 13 14:49:22 2024:["s:on_text_document_did_open()",3,"gin","/Users/yasuhiroki/src/github.com/yasuhiroki/enjoy-rails","ginstatus:///Users/yasuhiroki/src/github.com/yasuhiroki/enjoy-rails;untracked-files=#[]$"]
Wed Nov 13 14:49:22 2024:["s:on_text_document_did_open()",3,"gin-status","/Users/yasuhiroki/src/github.com/yasuhiroki/enjoy-rails","ginstatus:///Users/yasuhiroki/src/github.com/yasuhiroki/enjoy-rails;untracked-files=#[]$"]
Wed Nov 13 14:49:23 2024:["s:on_text_document_did_close()",3]
Wed Nov 13 14:49:23 2024:["s:on_text_document_did_open()",44,"gin","/Users/yasuhiroki/src/github.com/yasuhiroki/enjoy-rails","gindiff:///Users/yasuhiroki/src/github.com/yasuhiroki/enjoy-rails;#[%22config/initializers/devise_token_auth.rb%22]"]
Wed Nov 13 14:49:23 2024:["s:on_text_document_did_open()",44,"gin-diff","/Users/yasuhiroki/src/github.com/yasuhiroki/enjoy-rails","gindiff:///Users/yasuhiroki/src/github.com/yasuhiroki/enjoy-rails;#[%22config/initializers/devise_token_auth.rb%22]"]
Wed Nov 13 14:49:24 2024:["s:on_text_document_did_close()",44]
Wed Nov 13 14:49:24 2024:["s:on_text_document_did_open()",3,"gin","/Users/yasuhiroki/src/github.com/yasuhiroki/enjoy-rails","ginstatus:///Users/yasuhiroki/src/github.com/yasuhiroki/enjoy-rails;untracked-files=#[]$"]
Wed Nov 13 14:49:24 2024:["s:on_text_document_did_open()",3,"gin-status","/Users/yasuhiroki/src/github.com/yasuhiroki/enjoy-rails","ginstatus:///Users/yasuhiroki/src/github.com/yasuhiroki/enjoy-rails;untracked-files=#[]$"]
Wed Nov 13 14:49:25 2024:["s:on_text_document_did_close()",3]
Wed Nov 13 14:49:25 2024:["s:on_text_document_did_open()",45,"gin","/Users/yasuhiroki/src/github.com/yasuhiroki/enjoy-rails","gindiff:///Users/yasuhiroki/src/github.com/yasuhiroki/enjoy-rails;#[%22app/controllers/users_controller.rb%22]"]
Wed Nov 13 14:49:25 2024:["s:on_text_document_did_open()",45,"gin-diff","/Users/yasuhiroki/src/github.com/yasuhiroki/enjoy-rails","gindiff:///Users/yasuhiroki/src/github.com/yasuhiroki/enjoy-rails;#[%22app/controllers/users_controller.rb%22]"]
Wed Nov 13 14:49:26 2024:["s:on_text_document_did_close()",45]
Wed Nov 13 14:49:26 2024:["s:on_text_document_did_open()",3,"gin","/Users/yasuhiroki/src/github.com/yasuhiroki/enjoy-rails","ginstatus:///Users/yasuhiroki/src/github.com/yasuhiroki/enjoy-rails;untracked-files=#[]$"]
Wed Nov 13 14:49:26 2024:["s:on_text_document_did_open()",3,"gin-status","/Users/yasuhiroki/src/github.com/yasuhiroki/enjoy-rails","ginstatus:///Users/yasuhiroki/src/github.com/yasuhiroki/enjoy-rails;untracked-files=#[]$"]
Wed Nov 13 14:49:26 2024:["s:on_text_document_did_close()",3]
Wed Nov 13 14:49:26 2024:["s:on_text_document_did_open()",14,"gin","/Users/yasuhiroki/src/github.com/yasuhiroki/enjoy-rails","gindiff:///Users/yasuhiroki/src/github.com/yasuhiroki/enjoy-rails;#[%22app/controllers/application_controller.rb%22]"]
Wed Nov 13 14:49:26 2024:["s:on_text_document_did_open()",14,"gin-diff","/Users/yasuhiroki/src/github.com/yasuhiroki/enjoy-rails","gindiff:///Users/yasuhiroki/src/github.com/yasuhiroki/enjoy-rails;#[%22app/controllers/application_controller.rb%22]"]
Wed Nov 13 14:49:29 2024:["s:on_text_document_did_close()",14]
Wed Nov 13 14:49:29 2024:["s:on_text_document_did_open()",3,"gin","/Users/yasuhiroki/src/github.com/yasuhiroki/enjoy-rails","ginstatus:///Users/yasuhiroki/src/github.com/yasuhiroki/enjoy-rails;untracked-files=#[]$"]
Wed Nov 13 14:49:30 2024:["s:on_text_document_did_open()",3,"gin-status","/Users/yasuhiroki/src/github.com/yasuhiroki/enjoy-rails","ginstatus:///Users/yasuhiroki/src/github.com/yasuhiroki/enjoy-rails;untracked-files=#[]$"]
Wed Nov 13 14:49:31 2024:["s:on_text_document_did_open()",46,"agit","/Users/yasuhiroki/src/github.com/yasuhiroki/enjoy-rails","file:///Users/yasuhiroki/src/github.com/yasuhiroki/enjoy-rails/%5BAgit%20log%5D%201"]
Wed Nov 13 14:49:31 2024:["s:on_text_document_did_open()",47,"agit_stat","/Users/yasuhiroki/src/github.com/yasuhiroki/enjoy-rails","file:///Users/yasuhiroki/src/github.com/yasuhiroki/enjoy-rails/%5BAgit%20stat%5D%201"]
Wed Nov 13 14:49:31 2024:["s:on_text_document_did_open()",48,"agit_diff","/Users/yasuhiroki/src/github.com/yasuhiroki/enjoy-rails","file:///Users/yasuhiroki/src/github.com/yasuhiroki/enjoy-rails/%5BAgit%20diff%5D%201"]
Wed Nov 13 14:49:31 2024:["s:on_text_document_did_change()",46]
Wed Nov 13 14:49:31 2024:["s:send_didchange_queue() will be triggered"]
Wed Nov 13 14:49:32 2024:["s:send_event_queue()"]
Wed Nov 13 14:49:32 2024:["s:on_text_document_did_change()",46]
Wed Nov 13 14:49:32 2024:["s:send_didchange_queue() will be triggered"]
Wed Nov 13 14:49:33 2024:["s:send_event_queue()"]
Wed Nov 13 14:49:34 2024:["s:on_text_document_did_change()",47]
Wed Nov 13 14:49:34 2024:["s:send_didchange_queue() will be triggered"]
Wed Nov 13 14:49:34 2024:["s:on_text_document_did_change()",48]
Wed Nov 13 14:49:34 2024:["s:send_didchange_queue() will be triggered"]
Wed Nov 13 14:49:38 2024:["s:send_event_queue()"]
Sat Nov 23 22:38:08 2024:["s:on_text_document_did_close()",48]
Sat Nov 23 22:38:08 2024:["s:on_text_document_did_close()",48]
Sat Nov 23 22:38:08 2024:["s:on_text_document_did_close()",48]
Sat Nov 23 22:38:08 2024:["s:on_text_document_did_close()",48]
Sat Nov 23 22:38:08 2024:["s:on_text_document_did_close()",48]
Sat Nov 23 22:38:08 2024:["s:on_text_document_did_close()",48]
Sat Nov 23 22:38:08 2024:["s:on_text_document_did_close()",48]
Sat Nov 23 22:38:08 2024:["s:on_text_document_did_close()",48]
Sat Nov 23 22:38:08 2024:["s:on_text_document_did_close()",48]
